Archive member included to satisfy reference by file (symbol)

c:/program files (x86)/microchip/xc8/v2.10/avr/bin/../lib/gcc/avr/5.4.0/avr5/memx-const\libgcc.a(_exit.o)
                              C:/Program Files (x86)/Microchip/MPLABX/v5.30/packs/Microchip/ATmega_DFP/2.0.12/gcc/dev/atmega16/avr5/memx-const/crtatmega16.o (exit)
c:/program files (x86)/microchip/xc8/v2.10/avr/bin/../lib/gcc/avr/5.4.0/avr5/memx-const\libgcc.a(_copy_data.o)
                              build/default/production/main.o (__do_copy_data)

Discarded input sections

 .data          0x00000000        0x0 C:/Program Files (x86)/Microchip/MPLABX/v5.30/packs/Microchip/ATmega_DFP/2.0.12/gcc/dev/atmega16/avr5/memx-const/crtatmega16.o
 .bss           0x00000000        0x0 C:/Program Files (x86)/Microchip/MPLABX/v5.30/packs/Microchip/ATmega_DFP/2.0.12/gcc/dev/atmega16/avr5/memx-const/crtatmega16.o
 .text          0x00000000        0x0 build/default/production/main.o
 .data          0x00000000        0x0 build/default/production/main.o
 .bss           0x00000000        0x0 build/default/production/main.o
 .text.INT1_init
                0x00000000        0xe build/default/production/main.o
 .text.INT2_init
                0x00000000        0xe build/default/production/main.o
 .bss.i         0x00000000        0x2 build/default/production/main.o
 .text          0x00000000        0x0 build/default/production/DIO.o
 .data          0x00000000        0x0 build/default/production/DIO.o
 .bss           0x00000000        0x0 build/default/production/DIO.o
 .text._setPIN  0x00000000       0x16 build/default/production/DIO.o
 .text._resetPIN
                0x00000000       0x18 build/default/production/DIO.o
 .text.PORTAas  0x00000000       0x12 build/default/production/DIO.o
 .text.PORTBas  0x00000000       0x12 build/default/production/DIO.o
 .text.PORTCas  0x00000000       0x12 build/default/production/DIO.o
 .text.PORTDas  0x00000000       0x12 build/default/production/DIO.o
 .text.PINAas   0x00000000       0x42 build/default/production/DIO.o
 .text.PINBas   0x00000000       0x42 build/default/production/DIO.o
 .text.PINCas   0x00000000       0x42 build/default/production/DIO.o
 .text.setPORTA
                0x00000000        0x4 build/default/production/DIO.o
 .text.setPORTB
                0x00000000        0x4 build/default/production/DIO.o
 .text.setPORTC
                0x00000000        0x4 build/default/production/DIO.o
 .text.setPORTD
                0x00000000        0x4 build/default/production/DIO.o
 .text.isPressedA
                0x00000000       0x18 build/default/production/DIO.o
 .text.isPressedB
                0x00000000       0x18 build/default/production/DIO.o
 .text.isPressedC
                0x00000000       0x18 build/default/production/DIO.o
 .text.isPressedD
                0x00000000       0x18 build/default/production/DIO.o
 .text.setPIN   0x00000000       0x7e build/default/production/DIO.o
 .text.setPINA  0x00000000       0x16 build/default/production/DIO.o
 .text.setPINB  0x00000000       0x16 build/default/production/DIO.o
 .text.setPINC  0x00000000       0x16 build/default/production/DIO.o
 .text.setPIND  0x00000000       0x16 build/default/production/DIO.o
 .text          0x00000000        0x0 build/default/production/lcd.o
 .data          0x00000000        0x0 build/default/production/lcd.o
 .bss           0x00000000        0x0 build/default/production/lcd.o
 .text.LCD_String_xy
                0x00000000       0x38 build/default/production/lcd.o
 .text          0x00000000        0x0 c:/program files (x86)/microchip/xc8/v2.10/avr/bin/../lib/gcc/avr/5.4.0/avr5/memx-const\libgcc.a(_exit.o)
 .data          0x00000000        0x0 c:/program files (x86)/microchip/xc8/v2.10/avr/bin/../lib/gcc/avr/5.4.0/avr5/memx-const\libgcc.a(_exit.o)
 .bss           0x00000000        0x0 c:/program files (x86)/microchip/xc8/v2.10/avr/bin/../lib/gcc/avr/5.4.0/avr5/memx-const\libgcc.a(_exit.o)
 .text.libgcc.mul
                0x00000000        0x0 c:/program files (x86)/microchip/xc8/v2.10/avr/bin/../lib/gcc/avr/5.4.0/avr5/memx-const\libgcc.a(_exit.o)
 .text.libgcc.div
                0x00000000        0x0 c:/program files (x86)/microchip/xc8/v2.10/avr/bin/../lib/gcc/avr/5.4.0/avr5/memx-const\libgcc.a(_exit.o)
 .text.libgcc   0x00000000        0x0 c:/program files (x86)/microchip/xc8/v2.10/avr/bin/../lib/gcc/avr/5.4.0/avr5/memx-const\libgcc.a(_exit.o)
 .text.libgcc.prologue
                0x00000000        0x0 c:/program files (x86)/microchip/xc8/v2.10/avr/bin/../lib/gcc/avr/5.4.0/avr5/memx-const\libgcc.a(_exit.o)
 .text.libgcc.builtins
                0x00000000        0x0 c:/program files (x86)/microchip/xc8/v2.10/avr/bin/../lib/gcc/avr/5.4.0/avr5/memx-const\libgcc.a(_exit.o)
 .text.libgcc.fmul
                0x00000000        0x0 c:/program files (x86)/microchip/xc8/v2.10/avr/bin/../lib/gcc/avr/5.4.0/avr5/memx-const\libgcc.a(_exit.o)
 .text.libgcc.fixed
                0x00000000        0x0 c:/program files (x86)/microchip/xc8/v2.10/avr/bin/../lib/gcc/avr/5.4.0/avr5/memx-const\libgcc.a(_exit.o)
 .text          0x00000000        0x0 c:/program files (x86)/microchip/xc8/v2.10/avr/bin/../lib/gcc/avr/5.4.0/avr5/memx-const\libgcc.a(_copy_data.o)
 .data          0x00000000        0x0 c:/program files (x86)/microchip/xc8/v2.10/avr/bin/../lib/gcc/avr/5.4.0/avr5/memx-const\libgcc.a(_copy_data.o)
 .bss           0x00000000        0x0 c:/program files (x86)/microchip/xc8/v2.10/avr/bin/../lib/gcc/avr/5.4.0/avr5/memx-const\libgcc.a(_copy_data.o)
 .text.libgcc.mul
                0x00000000        0x0 c:/program files (x86)/microchip/xc8/v2.10/avr/bin/../lib/gcc/avr/5.4.0/avr5/memx-const\libgcc.a(_copy_data.o)
 .text.libgcc.div
                0x00000000        0x0 c:/program files (x86)/microchip/xc8/v2.10/avr/bin/../lib/gcc/avr/5.4.0/avr5/memx-const\libgcc.a(_copy_data.o)
 .text.libgcc   0x00000000        0x0 c:/program files (x86)/microchip/xc8/v2.10/avr/bin/../lib/gcc/avr/5.4.0/avr5/memx-const\libgcc.a(_copy_data.o)
 .text.libgcc.prologue
                0x00000000        0x0 c:/program files (x86)/microchip/xc8/v2.10/avr/bin/../lib/gcc/avr/5.4.0/avr5/memx-const\libgcc.a(_copy_data.o)
 .text.libgcc.builtins
                0x00000000        0x0 c:/program files (x86)/microchip/xc8/v2.10/avr/bin/../lib/gcc/avr/5.4.0/avr5/memx-const\libgcc.a(_copy_data.o)
 .text.libgcc.fmul
                0x00000000        0x0 c:/program files (x86)/microchip/xc8/v2.10/avr/bin/../lib/gcc/avr/5.4.0/avr5/memx-const\libgcc.a(_copy_data.o)
 .text.libgcc.fixed
                0x00000000        0x0 c:/program files (x86)/microchip/xc8/v2.10/avr/bin/../lib/gcc/avr/5.4.0/avr5/memx-const\libgcc.a(_copy_data.o)

Memory Configuration

Name             Origin             Length             Attributes
text             0x00000000         0x00004000         xr
data             0x00800060         0x00000400         rw !x
eeprom           0x00810000         0x00000200         rw !x
fuse             0x00820000         0x00000002         rw !x
lock             0x00830000         0x00000400         rw !x
signature        0x00840000         0x00000400         rw !x
user_signatures  0x00850000         0x00000400         rw !x
*default*        0x00000000         0xffffffff

Linker script and memory map

LOAD C:/Program Files (x86)/Microchip/MPLABX/v5.30/packs/Microchip/ATmega_DFP/2.0.12/gcc/dev/atmega16/avr5/memx-const/crtatmega16.o
                0x00000001                __MPLAB_BUILD = 0x1
LOAD build/default/production/main.o
LOAD build/default/production/DIO.o
LOAD build/default/production/lcd.o
START GROUP
LOAD c:/program files (x86)/microchip/xc8/v2.10/avr/bin/../lib/gcc/avr/5.4.0/../../../../avr/lib/avr5/memx-const\libm.a
END GROUP
START GROUP
LOAD c:/program files (x86)/microchip/xc8/v2.10/avr/bin/../lib/gcc/avr/5.4.0/avr5/memx-const\libgcc.a
LOAD c:/program files (x86)/microchip/xc8/v2.10/avr/bin/../lib/gcc/avr/5.4.0/../../../../avr/lib/avr5/memx-const\libm.a
LOAD c:/program files (x86)/microchip/xc8/v2.10/avr/bin/../lib/gcc/avr/5.4.0/../../../../avr/lib/avr5/memx-const\libc.a
LOAD C:/Program Files (x86)/Microchip/MPLABX/v5.30/packs/Microchip/ATmega_DFP/2.0.12/gcc/dev/atmega16/avr5/memx-const\libatmega16.a
END GROUP
                0x00000000                __TEXT_REGION_ORIGIN__ = DEFINED (__TEXT_REGION_ORIGIN__)?__TEXT_REGION_ORIGIN__:0x0
                [0x00800060]                __DATA_REGION_ORIGIN__ = DEFINED (__DATA_REGION_ORIGIN__)?__DATA_REGION_ORIGIN__:0x800060
                [0x00004000]                __TEXT_REGION_LENGTH__ = DEFINED (__TEXT_REGION_LENGTH__)?__TEXT_REGION_LENGTH__:0x20000
                [0x00000400]                __DATA_REGION_LENGTH__ = DEFINED (__DATA_REGION_LENGTH__)?__DATA_REGION_LENGTH__:0xffa0
                [0x00000200]                __EEPROM_REGION_LENGTH__ = DEFINED (__EEPROM_REGION_LENGTH__)?__EEPROM_REGION_LENGTH__:0x10000
                [0x00000002]                __FUSE_REGION_LENGTH__ = DEFINED (__FUSE_REGION_LENGTH__)?__FUSE_REGION_LENGTH__:0x400
                0x00000400                __LOCK_REGION_LENGTH__ = DEFINED (__LOCK_REGION_LENGTH__)?__LOCK_REGION_LENGTH__:0x400
                0x00000400                __SIGNATURE_REGION_LENGTH__ = DEFINED (__SIGNATURE_REGION_LENGTH__)?__SIGNATURE_REGION_LENGTH__:0x400
                0x00000400                __USER_SIGNATURE_REGION_LENGTH__ = DEFINED (__USER_SIGNATURE_REGION_LENGTH__)?__USER_SIGNATURE_REGION_LENGTH__:0x400

.hash
 *(.hash)

.dynsym
 *(.dynsym)

.dynstr
 *(.dynstr)

.gnu.version
 *(.gnu.version)

.gnu.version_d
 *(.gnu.version_d)

.gnu.version_r
 *(.gnu.version_r)

.rel.init
 *(.rel.init)

.rela.init
 *(.rela.init)

.rel.text
 *(.rel.text)
 *(.rel.text.*)
 *(.rel.gnu.linkonce.t*)

.rela.text
 *(.rela.text)
 *(.rela.text.*)
 *(.rela.gnu.linkonce.t*)

.rel.fini
 *(.rel.fini)

.rela.fini
 *(.rela.fini)

.rel.rodata
 *(.rel.rodata)
 *(.rel.rodata.*)
 *(.rel.gnu.linkonce.r*)

.rela.rodata
 *(.rela.rodata)
 *(.rela.rodata.*)
 *(.rela.gnu.linkonce.r*)

.rel.data
 *(.rel.data)
 *(.rel.data.*)
 *(.rel.gnu.linkonce.d*)

.rela.data
 *(.rela.data)
 *(.rela.data.*)
 *(.rela.gnu.linkonce.d*)

.rel.ctors
 *(.rel.ctors)

.rela.ctors
 *(.rela.ctors)

.rel.dtors
 *(.rel.dtors)

.rela.dtors
 *(.rela.dtors)

.rel.got
 *(.rel.got)

.rela.got
 *(.rela.got)

.rel.bss
 *(.rel.bss)

.rela.bss
 *(.rela.bss)

.rel.plt
 *(.rel.plt)

.rela.plt
 *(.rela.plt)

.text           0x00000000       0xbc
 *(.vectors)
 .vectors       0x00000000       0x54 C:/Program Files (x86)/Microchip/MPLABX/v5.30/packs/Microchip/ATmega_DFP/2.0.12/gcc/dev/atmega16/avr5/memx-const/crtatmega16.o
                0x00000000                __vector_default
                0x00000000                __vectors
 *(.vectors)
 *(.progmem.gcc*)
 *(.dinit)
 .dinit         0x00000054       0x13 data_init
                0x00000068                . = ALIGN (0x2)
 *fill*         0x00000067        0x1 
                0x00000068                __trampolines_start = .
 *(.trampolines)
 .trampolines   0x00000068        0x0 linker stubs
 *(.trampolines*)
                0x00000068                __trampolines_end = .
 *libprintf_flt.a:*(.progmem.data)
 *libc.a:*(.progmem.data)
                0x00000068                . = ALIGN (0x2)
 *(.jumptables)
 *(.jumptables*)
 *(.lowtext)
 *(.lowtext*)
                0x00000068                __ctors_start = .
 *(.ctors)
                0x00000068                __ctors_end = .
                0x00000068                __dtors_start = .
 *(.dtors)
                0x00000068                __dtors_end = .
 SORT(*)(.ctors)
 SORT(*)(.dtors)
 *(.init0)
 .init0         0x00000068        0x0 C:/Program Files (x86)/Microchip/MPLABX/v5.30/packs/Microchip/ATmega_DFP/2.0.12/gcc/dev/atmega16/avr5/memx-const/crtatmega16.o
                0x00000068                __init
 *(.init0)
 *(.init1)
 *(.init1)
 *(.init2)
 .init2         0x00000068        0xc C:/Program Files (x86)/Microchip/MPLABX/v5.30/packs/Microchip/ATmega_DFP/2.0.12/gcc/dev/atmega16/avr5/memx-const/crtatmega16.o
 *(.init2)
 *(.init3)
 *(.init3)
 *(.init4)
 .init4         0x00000074       0x3c c:/program files (x86)/microchip/xc8/v2.10/avr/bin/../lib/gcc/avr/5.4.0/avr5/memx-const\libgcc.a(_copy_data.o)
                0x00000074                __do_copy_data
                0x000000a2                __do_clear_bss
 *(.init4)
 *(.init5)
 *(.init5)
 *(.init6)
 *(.init6)
 *(.init7)
 *(.init7)
 *(.init8)
 *(.init8)
 *(.init9)
 .init9         0x000000b0        0x8 C:/Program Files (x86)/Microchip/MPLABX/v5.30/packs/Microchip/ATmega_DFP/2.0.12/gcc/dev/atmega16/avr5/memx-const/crtatmega16.o
 *(.init9)
                0x000000b8                . = ALIGN (0x2)
 *(.fini9)
 .fini9         0x000000b8        0x0 c:/program files (x86)/microchip/xc8/v2.10/avr/bin/../lib/gcc/avr/5.4.0/avr5/memx-const\libgcc.a(_exit.o)
                0x000000b8                _exit
                0x000000b8                exit
 *(.fini9)
 *(.fini8)
 *(.fini8)
 *(.fini7)
 *(.fini7)
 *(.fini6)
 *(.fini6)
 *(.fini5)
 *(.fini5)
 *(.fini4)
 *(.fini4)
 *(.fini3)
 *(.fini3)
 *(.fini2)
 *(.fini2)
 *(.fini1)
 *(.fini1)
 *(.fini0)
 .fini0         0x000000b8        0x4 c:/program files (x86)/microchip/xc8/v2.10/avr/bin/../lib/gcc/avr/5.4.0/avr5/memx-const\libgcc.a(_exit.o)
 *(.fini0)
                0x000000bc                _etext = .

.data           0x00800060        0x0 load address 0x000000bc
                [!provide]                PROVIDE (__data_start, .)
 *(.gnu.linkonce.d*)
 *(.gnu.linkonce.r*)
                0x00800060                . = ALIGN (0x2)
 *fill*         0x00800060        0x0 
                0x00800060                _edata = .
                [!provide]                PROVIDE (__data_end, .)

.bss            0x00800060        0x0
                [!provide]                PROVIDE (__bss_start, .)
 *(COMMON)
                [!provide]                PROVIDE (__bss_end, .)
                0x000000bc                __data_load_start = LOADADDR (.data)
                0x000000bc                __data_load_end = (__data_load_start + SIZEOF (.data))

.noinit         0x00800060        0x0
                [!provide]                PROVIDE (__noinit_start, .)
 *(.noinit*)
                [!provide]                PROVIDE (__noinit_end, .)
                0x00800060                _end = .

.eeprom         0x00810000        0x0
 *(.eeprom*)
                0x00810000                __eeprom_end = .

.fuse
 *(.fuse)
 *(.lfuse)
 *(.hfuse)
 *(.efuse)

.lock
 *(.lock*)

.signature
 *(.signature*)

.user_signatures
 *(.user_signatures*)

.stab
 *(.stab)

.stabstr
 *(.stabstr)

.stab.excl
 *(.stab.excl)

.stab.exclstr
 *(.stab.exclstr)

.stab.index
 *(.stab.index)

.stab.indexstr
 *(.stab.indexstr)

.comment        0x00000000       0x2f
 *(.comment)
 .comment       0x00000000       0x2f build/default/production/main.o
                                 0x30 (size before relaxing)
 .comment       0x0000002f       0x30 build/default/production/DIO.o
 .comment       0x0000002f       0x30 build/default/production/lcd.o

.note.gnu.build-id
 *(.note.gnu.build-id)

.debug
 *(.debug)

.line
 *(.line)

.debug_srcinfo
 *(.debug_srcinfo)

.debug_sfnames
 *(.debug_sfnames)

.debug_aranges  0x00000000      0x168
 *(.debug_aranges)
 .debug_aranges
                0x00000000       0x40 build/default/production/main.o
 .debug_aranges
                0x00000040       0xe0 build/default/production/DIO.o
 .debug_aranges
                0x00000120       0x48 build/default/production/lcd.o

.debug_pubnames
 *(.debug_pubnames)

.debug_info     0x00000000     0x1790
 *(.debug_info .gnu.linkonce.wi.*)
 .debug_info    0x00000000      0x52e C:/Program Files (x86)/Microchip/MPLABX/v5.30/packs/Microchip/ATmega_DFP/2.0.12/gcc/dev/atmega16/avr5/memx-const/crtatmega16.o
 .debug_info    0x0000052e      0x46a build/default/production/main.o
 .debug_info    0x00000998      0x700 build/default/production/DIO.o
 .debug_info    0x00001098      0x6f8 build/default/production/lcd.o

.debug_abbrev   0x00000000      0x7f5
 *(.debug_abbrev)
 .debug_abbrev  0x00000000      0x4e7 C:/Program Files (x86)/Microchip/MPLABX/v5.30/packs/Microchip/ATmega_DFP/2.0.12/gcc/dev/atmega16/avr5/memx-const/crtatmega16.o
 .debug_abbrev  0x000004e7       0xf3 build/default/production/main.o
 .debug_abbrev  0x000005da       0xb8 build/default/production/DIO.o
 .debug_abbrev  0x00000692      0x163 build/default/production/lcd.o

.debug_line     0x00000000      0x886
 *(.debug_line .debug_line.* .debug_line_end)
 .debug_line    0x00000000      0x118 C:/Program Files (x86)/Microchip/MPLABX/v5.30/packs/Microchip/ATmega_DFP/2.0.12/gcc/dev/atmega16/avr5/memx-const/crtatmega16.o
 .debug_line    0x00000118      0x152 build/default/production/main.o
 .debug_line    0x0000026a      0x39f build/default/production/DIO.o
 .debug_line    0x00000609      0x27d build/default/production/lcd.o

.debug_frame    0x00000000      0x2dc
 *(.debug_frame)
 .debug_frame   0x00000000       0xac build/default/production/main.o
 .debug_frame   0x000000ac      0x1a4 build/default/production/DIO.o
 .debug_frame   0x00000250       0x8c build/default/production/lcd.o

.debug_str      0x00000000      0x20e
 *(.debug_str)
 .debug_str     0x00000000      0x1af C:/Program Files (x86)/Microchip/MPLABX/v5.30/packs/Microchip/ATmega_DFP/2.0.12/gcc/dev/atmega16/avr5/memx-const/crtatmega16.o
 .debug_str     0x000001af       0x32 build/default/production/main.o
 .debug_str     0x000001e1        0x7 build/default/production/DIO.o
 .debug_str     0x000001e8       0x26 build/default/production/lcd.o

.debug_loc      0x00000000      0x9ae
 *(.debug_loc)
 .debug_loc     0x00000000      0x568 build/default/production/DIO.o
 .debug_loc     0x00000568      0x446 build/default/production/lcd.o

.debug_macinfo
 *(.debug_macinfo)

.debug_weaknames
 *(.debug_weaknames)

.debug_funcnames
 *(.debug_funcnames)

.debug_typenames
 *(.debug_typenames)

.debug_varnames
 *(.debug_varnames)

.debug_pubtypes
 *(.debug_pubtypes)

.debug_ranges   0x00000000      0x138
 *(.debug_ranges)
 .debug_ranges  0x00000000       0x30 build/default/production/main.o
 .debug_ranges  0x00000030       0xd0 build/default/production/DIO.o
 .debug_ranges  0x00000100       0x38 build/default/production/lcd.o

.debug_macro
 *(.debug_macro)
OUTPUT(dist/default/production/FirstProject.X.production.elf elf32-avr)
LOAD linker stubs
LOAD data_init

.note.gnu.avr.deviceinfo
                0x00000000       0x3c
 .note.gnu.avr.deviceinfo
                0x00000000       0x3c C:/Program Files (x86)/Microchip/MPLABX/v5.30/packs/Microchip/ATmega_DFP/2.0.12/gcc/dev/atmega16/avr5/memx-const/crtatmega16.o

.bss.flag       0x00800075        0x1
 .bss.flag      0x00800075        0x1 build/default/production/main.o
                0x00800075                flag

.text.resetPIN  0x000000bc       0x86
 .text.resetPIN
                0x000000bc       0x86 build/default/production/DIO.o
                0x000000bc                resetPIN

.text.__vector_1
                0x00000142       0x7a
 .text.__vector_1
                0x00000142       0x7a build/default/production/main.o
                0x00000142                __vector_1

.text.LCD_Command
                0x000001bc       0x50
 .text.LCD_Command
                0x000001bc       0x50 build/default/production/lcd.o
                0x000001bc                LCD_Command

.text.LCD_Char  0x0000020c       0x50
 .text.LCD_Char
                0x0000020c       0x50 build/default/production/lcd.o
                0x0000020c                LCD_Char

.text.PINDas    0x0000025c       0x42
 .text.PINDas   0x0000025c       0x42 build/default/production/DIO.o
                0x0000025c                PINDas

.text.LCD_Init  0x0000029e       0x42
 .text.LCD_Init
                0x0000029e       0x42 build/default/production/lcd.o
                0x0000029e                LCD_Init

.text.main      0x000002e0       0x40
 .text.main     0x000002e0       0x40 build/default/production/main.o
                0x000002e0                main

.text.LCD_String
                0x00000320       0x1e
 .text.LCD_String
                0x00000320       0x1e build/default/production/lcd.o
                0x00000320                LCD_String

.text.LCD_Clear
                0x0000033e       0x1a
 .text.LCD_Clear
                0x0000033e       0x1a build/default/production/lcd.o
                0x0000033e                LCD_Clear

.text.togglePIND
                0x00000358       0x16
 .text.togglePIND
                0x00000358       0x16 build/default/production/DIO.o
                0x00000358                togglePIND

.text.INT0_init
                0x0000036e        0xe
 .text.INT0_init
                0x0000036e        0xe build/default/production/main.o
                0x0000036e                INT0_init

.text           0x0000037c        0x4
 .text          0x0000037c        0x4 C:/Program Files (x86)/Microchip/MPLABX/v5.30/packs/Microchip/ATmega_DFP/2.0.12/gcc/dev/atmega16/avr5/memx-const/crtatmega16.o
                0x0000037c                __vector_12
                0x0000037c                __bad_interrupt
                0x0000037c                __vector_6
                0x0000037c                __vector_3
                0x0000037c                __vector_11
                0x0000037c                __vector_13
                0x0000037c                __vector_17
                0x0000037c                __vector_19
                0x0000037c                __vector_7
                0x0000037c                __vector_5
                0x0000037c                __vector_4
                0x0000037c                __vector_9
                0x0000037c                __vector_2
                0x0000037c                __vector_15
                0x0000037c                __vector_8
                0x0000037c                __vector_14
                0x0000037c                __vector_10
                0x0000037c                __vector_16
                0x0000037c                __vector_18
                0x0000037c                __vector_20

.data.y         0x00800060        0xb load address 0x00000380
 .data.y        0x00800060        0xb build/default/production/main.o
                0x00800060                y

.data.x         0x0080006b        0xa load address 0x0000038b
 .data.x        0x0080006b        0xa build/default/production/main.o
                0x0080006b                x
